/workspace/repos/stick-knot-optimizer/.venv/lib/python3.11/site-packages/plink/gui.py:33: UserWarning: Plink failed to import tkinter, GUI will not be available
  warnings.warn('Plink failed to import tkinter, GUI will not be available')
31/882 crss:10_100: completed; moves=3360; completed=31/882
32/882 crss:10_101: completed; moves=3360; completed=32/882
33/882 crss:10_102: completed; moves=3360; completed=33/882
34/882 crss:10_103: completed; moves=3360; completed=34/882
35/882 crss:10_104: completed; moves=3360; completed=35/882
36/882 crss:10_105: completed; moves=3360; completed=36/882
37/882 crss:10_106: completed; moves=3360; completed=37/882
38/882 crss:10_107: completed; moves=3360; completed=38/882
39/882 crss:10_108: completed; moves=3360; completed=39/882
40/882 crss:10_109: completed; moves=3360; completed=40/882
41/882 crss:10_110: completed; moves=3360; completed=41/882
42/882 crss:10_111: completed; moves=3360; completed=42/882
43/882 crss:10_112: completed; moves=3360; completed=43/882
44/882 crss:10_113: completed; moves=3360; completed=44/882
45/882 crss:10_114: completed; moves=3360; completed=45/882
46/882 crss:10_115: completed; moves=3360; completed=46/882
47/882 crss:10_116: completed; moves=3360; completed=47/882
48/882 crss:10_117: completed; moves=3360; completed=48/882
49/882 crss:10_118: completed; moves=3360; completed=49/882
50/882 crss:10_119: completed; moves=3360; completed=50/882
51/882 crss:10_120: completed; moves=3360; completed=51/882
52/882 crss:10_121: completed; moves=3360; completed=52/882
53/882 crss:10_122: completed; moves=3360; completed=53/882
54/882 crss:10_123: completed; moves=3360; completed=54/882
55/882 crss:10_124: timeout; moves=None; completed=54/882
56/882 crss:10_125: completed; moves=3360; completed=55/882
57/882 crss:10_126: completed; moves=3360; completed=56/882
58/882 crss:10_127: completed; moves=3360; completed=57/882
59/882 crss:10_128: completed; moves=3360; completed=58/882
60/882 crss:10_129: completed; moves=3360; completed=59/882
61/882 crss:10_130: completed; moves=3360; completed=60/882
62/882 crss:10_131: completed; moves=3360; completed=61/882
63/882 crss:10_132: completed; moves=3360; completed=62/882
64/882 crss:10_133: completed; moves=3360; completed=63/882
65/882 crss:10_134: completed; moves=3360; completed=64/882
66/882 crss:10_135: completed; moves=3360; completed=65/882
67/882 crss:10_136: completed; moves=3360; completed=66/882
68/882 crss:10_137: completed; moves=3360; completed=67/882
69/882 crss:10_138: completed; moves=3360; completed=68/882
70/882 crss:10_139: completed; moves=3360; completed=69/882
71/882 crss:10_140: completed; moves=3360; completed=70/882
72/882 crss:10_141: completed; moves=3360; completed=71/882
73/882 crss:10_142: completed; moves=3360; completed=72/882
74/882 crss:10_143: completed; moves=3360; completed=73/882
75/882 crss:10_144: completed; moves=3360; completed=74/882
76/882 crss:10_145: completed; moves=3360; completed=75/882
77/882 crss:10_146: completed; moves=3360; completed=76/882
78/882 crss:10_147: completed; moves=3360; completed=77/882
79/882 crss:10_148: completed; moves=3360; completed=78/882
80/882 crss:10_149: completed; moves=3360; completed=79/882
81/882 crss:10_150: completed; moves=3360; completed=80/882
82/882 crss:10_151: completed; moves=3360; completed=81/882
83/882 crss:10_152: completed; moves=3360; completed=82/882
84/882 crss:10_153: completed; moves=3360; completed=83/882
85/882 crss:10_154: completed; moves=3360; completed=84/882
86/882 crss:10_155: completed; moves=3360; completed=85/882
87/882 crss:10_156: completed; moves=3360; completed=86/882
88/882 crss:10_157: completed; moves=3360; completed=87/882
89/882 crss:10_158: completed; moves=3360; completed=88/882
90/882 crss:10_159: completed; moves=3360; completed=89/882
91/882 crss:10_16: completed; moves=3360; completed=90/882
92/882 crss:10_160: completed; moves=3360; completed=91/882
93/882 crss:10_161: completed; moves=3360; completed=92/882
94/882 crss:10_162: completed; moves=3360; completed=93/882
95/882 crss:10_163: completed; moves=3360; completed=94/882
96/882 crss:10_164: completed; moves=3360; completed=95/882
97/882 crss:10_165: completed; moves=3360; completed=96/882
98/882 crss:10_17: completed; moves=3360; completed=97/882
99/882 crss:10_18: completed; moves=3360; completed=98/882
100/882 crss:10_19: completed; moves=3360; completed=99/882
101/882 crss:10_31: completed; moves=3360; completed=100/882
102/882 crss:10_33: completed; moves=3360; completed=101/882
103/882 crss:10_48: completed; moves=3360; completed=102/882
104/882 crss:10_52: completed; moves=3360; completed=103/882
105/882 crss:10_56: completed; moves=3360; completed=104/882
106/882 crss:10_60: completed; moves=3360; completed=105/882
107/882 crss:10_61: completed; moves=3360; completed=106/882
108/882 crss:10_68: completed; moves=3360; completed=107/882
109/882 crss:10_8: completed; moves=3360; completed=108/882
110/882 crss:10_82: completed; moves=3360; completed=109/882
111/882 crss:10_83: completed; moves=3360; completed=110/882
112/882 crss:10_84: completed; moves=3360; completed=111/882
113/882 crss:10_85: completed; moves=3360; completed=112/882
114/882 crss:10_86: completed; moves=3360; completed=113/882
115/882 crss:10_87: completed; moves=3360; completed=114/882
116/882 crss:10_9: completed; moves=3360; completed=115/882
117/882 crss:10_90: completed; moves=3360; completed=116/882
118/882 crss:10_91: completed; moves=3360; completed=117/882
119/882 crss:10_92: completed; moves=3360; completed=118/882
120/882 crss:10_93: completed; moves=3360; completed=119/882
121/882 crss:10_94: completed; moves=3360; completed=120/882
122/882 crss:10_96: completed; moves=3360; completed=121/882
123/882 crss:10_97: completed; moves=3360; completed=122/882
124/882 crss:8_1: completed; moves=3360; completed=123/882
125/882 crss:8_10: completed; moves=3360; completed=124/882
126/882 crss:8_11: completed; moves=3360; completed=125/882
127/882 crss:8_12: completed; moves=3360; completed=126/882
128/882 crss:8_13: completed; moves=3360; completed=127/882
129/882 crss:8_14: completed; moves=3360; completed=128/882
130/882 crss:8_15: completed; moves=3360; completed=129/882
131/882 crss:8_2: completed; moves=3360; completed=130/882
132/882 crss:8_3: completed; moves=3360; completed=131/882
133/882 crss:8_4: completed; moves=3360; completed=132/882
134/882 crss:8_5: completed; moves=3360; completed=133/882
135/882 crss:8_6: completed; moves=3360; completed=134/882
136/882 crss:8_7: completed; moves=3360; completed=135/882
137/882 crss:8_8: timeout; moves=None; completed=135/882
138/882 crss:8_9: completed; moves=3360; completed=136/882
139/882 crss:9_1: timeout; moves=None; completed=136/882
140/882 crss:9_10: completed; moves=3360; completed=137/882
141/882 crss:9_11: completed; moves=3360; completed=138/882
142/882 crss:9_12: completed; moves=3360; completed=139/882
143/882 crss:9_13: completed; moves=3360; completed=140/882
144/882 crss:9_14: timeout; moves=None; completed=140/882
145/882 crss:9_15: completed; moves=3360; completed=141/882
146/882 crss:9_16: completed; moves=3360; completed=142/882
147/882 crss:9_17: completed; moves=3360; completed=143/882
148/882 crss:9_18: completed; moves=3360; completed=144/882
149/882 crss:9_19: completed; moves=3360; completed=145/882
150/882 crss:9_2: completed; moves=3360; completed=146/882
151/882 crss:9_20: completed; moves=3360; completed=147/882
152/882 crss:9_21: completed; moves=3360; completed=148/882
153/882 crss:9_22: completed; moves=3360; completed=149/882
154/882 crss:9_23: completed; moves=3360; completed=150/882
155/882 crss:9_24: completed; moves=3360; completed=151/882
156/882 crss:9_25: completed; moves=3360; completed=152/882
157/882 crss:9_26: completed; moves=3360; completed=153/882
158/882 crss:9_27: completed; moves=3360; completed=154/882
159/882 crss:9_28: completed; moves=3360; completed=155/882
160/882 crss:9_3: completed; moves=3360; completed=156/882
161/882 crss:9_30: completed; moves=3360; completed=157/882
162/882 crss:9_31: completed; moves=3360; completed=158/882
163/882 crss:9_32: completed; moves=3360; completed=159/882
164/882 crss:9_33: completed; moves=3360; completed=160/882
165/882 crss:9_36: completed; moves=3360; completed=161/882
166/882 crss:9_37: completed; moves=3360; completed=162/882
167/882 crss:9_38: completed; moves=3360; completed=163/882
168/882 crss:9_4: completed; moves=3360; completed=164/882
169/882 crss:9_5: completed; moves=3360; completed=165/882
170/882 crss:9_6: completed; moves=3360; completed=166/882
171/882 crss:9_7: completed; moves=3360; completed=167/882
172/882 crss:9_8: completed; moves=3360; completed=168/882
173/882 crss:9_9: completed; moves=3360; completed=169/882
174/882 crss:K11a162: completed; moves=3360; completed=170/882
175/882 crss:K11a233: completed; moves=3360; completed=171/882
176/882 crss:K11a239: completed; moves=3360; completed=172/882
177/882 crss:K11a266: completed; moves=3360; completed=173/882
178/882 crss:K11a267: completed; moves=3360; completed=174/882
179/882 crss:K11a268: completed; moves=3360; completed=175/882
180/882 crss:K11a269: completed; moves=3360; completed=176/882
181/882 crss:K11a284: completed; moves=3360; completed=177/882
182/882 crss:K11a287: completed; moves=3360; completed=178/882
183/882 crss:K11a288: completed; moves=3360; completed=179/882
184/882 crss:K11a301: completed; moves=3360; completed=180/882
185/882 crss:K11a302: completed; moves=3360; completed=181/882
186/882 crss:K11a314: completed; moves=3360; completed=182/882
187/882 crss:K11a326: completed; moves=3360; completed=183/882
188/882 crss:K11a332: completed; moves=3360; completed=184/882
189/882 crss:K11a350: completed; moves=3360; completed=185/882
190/882 crss:K11a351: completed; moves=3360; completed=186/882
191/882 crss:K11a73: completed; moves=3360; completed=187/882
192/882 crss:K11a79: completed; moves=3360; completed=188/882
193/882 crss:K11n1: completed; moves=3360; completed=189/882
194/882 crss:K11n100: completed; moves=3360; completed=190/882
195/882 crss:K11n101: completed; moves=3360; completed=191/882
196/882 crss:K11n102: completed; moves=3360; completed=192/882
197/882 crss:K11n104: completed; moves=3360; completed=193/882
198/882 crss:K11n105: completed; moves=3360; completed=194/882
199/882 crss:K11n106: completed; moves=3360; completed=195/882
200/882 crss:K11n107: completed; moves=3360; completed=196/882
201/882 crss:K11n108: completed; moves=3360; completed=197/882
202/882 crss:K11n110: completed; moves=3360; completed=198/882
203/882 crss:K11n111: completed; moves=3360; completed=199/882
204/882 crss:K11n112: completed; moves=3360; completed=200/882
205/882 crss:K11n113: completed; moves=3360; completed=201/882
206/882 crss:K11n114: completed; moves=3360; completed=202/882
207/882 crss:K11n115: completed; moves=3360; completed=203/882
208/882 crss:K11n116: completed; moves=3360; completed=204/882
209/882 crss:K11n117: completed; moves=3360; completed=205/882
210/882 crss:K11n118: completed; moves=3360; completed=206/882
211/882 crss:K11n12: completed; moves=3360; completed=207/882
212/882 crss:K11n120: completed; moves=3360; completed=208/882
213/882 crss:K11n121: completed; moves=3360; completed=209/882
214/882 crss:K11n122: completed; moves=3360; completed=210/882
215/882 crss:K11n123: completed; moves=3360; completed=211/882
216/882 crss:K11n124: completed; moves=3360; completed=212/882
217/882 crss:K11n125: completed; moves=3360; completed=213/882
218/882 crss:K11n127: completed; moves=3360; completed=214/882
219/882 crss:K11n128: completed; moves=3360; completed=215/882
220/882 crss:K11n130: completed; moves=3360; completed=216/882
221/882 crss:K11n131: completed; moves=3360; completed=217/882
222/882 crss:K11n132: completed; moves=3360; completed=218/882
223/882 crss:K11n133: timeout; moves=None; completed=218/882
224/882 crss:K11n134: completed; moves=3360; completed=219/882
225/882 crss:K11n135: completed; moves=3360; completed=220/882
226/882 crss:K11n137: completed; moves=3360; completed=221/882
227/882 crss:K11n138: completed; moves=3360; completed=222/882
228/882 crss:K11n139: completed; moves=3360; completed=223/882
229/882 crss:K11n140: completed; moves=3360; completed=224/882
230/882 crss:K11n141: completed; moves=3360; completed=225/882
231/882 crss:K11n142: completed; moves=3360; completed=226/882
232/882 crss:K11n143: completed; moves=3360; completed=227/882
233/882 crss:K11n145: completed; moves=3360; completed=228/882
234/882 crss:K11n146: completed; moves=3360; completed=229/882
235/882 crss:K11n147: completed; moves=3360; completed=230/882
236/882 crss:K11n148: completed; moves=3360; completed=231/882
237/882 crss:K11n149: completed; moves=3360; completed=232/882
238/882 crss:K11n150: completed; moves=3360; completed=233/882
239/882 crss:K11n152: completed; moves=3360; completed=234/882
240/882 crss:K11n153: completed; moves=3360; completed=235/882
241/882 crss:K11n154: completed; moves=3360; completed=236/882
242/882 crss:K11n156: completed; moves=3360; completed=237/882
243/882 crss:K11n157: completed; moves=3360; completed=238/882
244/882 crss:K11n158: completed; moves=3360; completed=239/882
245/882 crss:K11n159: completed; moves=3360; completed=240/882
246/882 crss:K11n160: completed; moves=3360; completed=241/882
247/882 crss:K11n161: completed; moves=3360; completed=242/882
248/882 crss:K11n163: completed; moves=3360; completed=243/882
249/882 crss:K11n164: completed; moves=3360; completed=244/882
250/882 crss:K11n165: completed; moves=3360; completed=245/882
251/882 crss:K11n166: completed; moves=3360; completed=246/882
252/882 crss:K11n169: completed; moves=3360; completed=247/882
253/882 crss:K11n170: completed; moves=3360; completed=248/882
254/882 crss:K11n171: completed; moves=3360; completed=249/882
255/882 crss:K11n172: completed; moves=3360; completed=250/882
256/882 crss:K11n173: completed; moves=3360; completed=251/882
257/882 crss:K11n174: completed; moves=3360; completed=252/882
258/882 crss:K11n176: completed; moves=3360; completed=253/882
259/882 crss:K11n177: completed; moves=3360; completed=254/882
260/882 crss:K11n178: completed; moves=3360; completed=255/882
261/882 crss:K11n179: completed; moves=3360; completed=256/882
262/882 crss:K11n181: completed; moves=3360; completed=257/882
263/882 crss:K11n182: completed; moves=3360; completed=258/882
264/882 crss:K11n183: completed; moves=3360; completed=259/882
265/882 crss:K11n184: completed; moves=3360; completed=260/882
266/882 crss:K11n185: completed; moves=3360; completed=261/882
267/882 crss:K11n19: completed; moves=3360; completed=262/882
268/882 crss:K11n20: completed; moves=3360; completed=263/882
269/882 crss:K11n21: timeout; moves=None; completed=263/882
270/882 crss:K11n22: completed; moves=3360; completed=264/882
271/882 crss:K11n23: completed; moves=3360; completed=265/882
272/882 crss:K11n24: completed; moves=3360; completed=266/882
273/882 crss:K11n25: completed; moves=3360; completed=267/882
274/882 crss:K11n26: completed; moves=3360; completed=268/882
275/882 crss:K11n27: completed; moves=3360; completed=269/882
276/882 crss:K11n28: completed; moves=3360; completed=270/882
277/882 crss:K11n29: completed; moves=3360; completed=271/882
278/882 crss:K11n30: completed; moves=3360; completed=272/882
279/882 crss:K11n32: completed; moves=3360; completed=273/882
280/882 crss:K11n33: completed; moves=3360; completed=274/882
281/882 crss:K11n37: completed; moves=3360; completed=275/882
282/882 crss:K11n38: completed; moves=3360; completed=276/882
283/882 crss:K11n39: completed; moves=3360; completed=277/882
284/882 crss:K11n4: completed; moves=3360; completed=278/882
285/882 crss:K11n40: completed; moves=3360; completed=279/882
286/882 crss:K11n41: completed; moves=3360; completed=280/882
287/882 crss:K11n43: completed; moves=3360; completed=281/882
288/882 crss:K11n44: completed; moves=3360; completed=282/882
289/882 crss:K11n45: completed; moves=3360; completed=283/882
290/882 crss:K11n46: completed; moves=3360; completed=284/882
291/882 crss:K11n47: completed; moves=3360; completed=285/882
292/882 crss:K11n48: completed; moves=3360; completed=286/882
293/882 crss:K11n49: completed; moves=3360; completed=287/882
294/882 crss:K11n5: completed; moves=3360; completed=288/882
295/882 crss:K11n50: completed; moves=3360; completed=289/882
296/882 crss:K11n51: completed; moves=3360; completed=290/882
297/882 crss:K11n52: completed; moves=3360; completed=291/882
298/882 crss:K11n53: completed; moves=3360; completed=292/882
299/882 crss:K11n54: completed; moves=3360; completed=293/882
300/882 crss:K11n56: completed; moves=3360; completed=294/882
301/882 crss:K11n57: completed; moves=3360; completed=295/882
302/882 crss:K11n58: completed; moves=3360; completed=296/882
303/882 crss:K11n59: completed; moves=3360; completed=297/882
304/882 crss:K11n60: completed; moves=3360; completed=298/882
305/882 crss:K11n61: completed; moves=3360; completed=299/882
306/882 crss:K11n62: completed; moves=3360; completed=300/882
307/882 crss:K11n63: completed; moves=3360; completed=301/882
308/882 crss:K11n64: completed; moves=3360; completed=302/882
309/882 crss:K11n65: completed; moves=3360; completed=303/882
310/882 crss:K11n68: completed; moves=3360; completed=304/882
311/882 crss:K11n69: completed; moves=3360; completed=305/882
312/882 crss:K11n70: completed; moves=3360; completed=306/882
313/882 crss:K11n71: completed; moves=3360; completed=307/882
314/882 crss:K11n75: completed; moves=3360; completed=308/882
315/882 crss:K11n76: completed; moves=3360; completed=309/882
316/882 crss:K11n78: completed; moves=3360; completed=310/882
317/882 crss:K11n79: timeout; moves=None; completed=310/882
318/882 crss:K11n82: completed; moves=3360; completed=311/882
319/882 crss:K11n83: completed; moves=3360; completed=312/882
320/882 crss:K11n84: completed; moves=3360; completed=313/882
321/882 crss:K11n85: completed; moves=3360; completed=314/882
322/882 crss:K11n86: completed; moves=3360; completed=315/882
323/882 crss:K11n87: completed; moves=3360; completed=316/882
324/882 crss:K11n88: completed; moves=3360; completed=317/882
325/882 crss:K11n90: timeout; moves=None; completed=317/882
326/882 crss:K11n91: timeout; moves=None; completed=317/882
327/882 crss:K11n92: timeout; moves=None; completed=317/882
328/882 crss:K11n93: timeout; moves=None; completed=317/882
329/882 crss:K11n94: completed; moves=3360; completed=318/882
330/882 crss:K11n95: completed; moves=3360; completed=319/882
331/882 crss:K11n96: completed; moves=3360; completed=320/882
332/882 crss:K11n98: completed; moves=3360; completed=321/882
333/882 crss:K11n99: completed; moves=3360; completed=322/882
334/882 crss:K12n121: completed; moves=3360; completed=323/882
335/882 crss:K12n145: completed; moves=3360; completed=324/882
336/882 crss:K12n188: completed; moves=3360; completed=325/882
337/882 crss:K12n189: completed; moves=3360; completed=326/882
338/882 crss:K12n24: completed; moves=3360; completed=327/882
339/882 crss:K12n242: timeout; moves=None; completed=327/882
340/882 crss:K12n25: completed; moves=3360; completed=328/882
341/882 crss:K12n253: completed; moves=3360; completed=329/882
342/882 crss:K12n271: completed; moves=3360; completed=330/882
343/882 crss:K12n274: completed; moves=3360; completed=331/882
344/882 crss:K12n275: completed; moves=3360; completed=332/882
345/882 crss:K12n278: completed; moves=3360; completed=333/882
346/882 crss:K12n282: completed; moves=3360; completed=334/882
347/882 crss:K12n285: completed; moves=3360; completed=335/882
348/882 crss:K12n293: completed; moves=3360; completed=336/882
349/882 crss:K12n309: completed; moves=3360; completed=337/882
350/882 crss:K12n311: completed; moves=3360; completed=338/882
351/882 crss:K12n312: completed; moves=3360; completed=339/882
352/882 crss:K12n318: completed; moves=3360; completed=340/882
353/882 crss:K12n319: completed; moves=3360; completed=341/882
354/882 crss:K12n321: completed; moves=3360; completed=342/882
355/882 crss:K12n322: completed; moves=3360; completed=343/882
356/882 crss:K12n323: completed; moves=3360; completed=344/882
357/882 crss:K12n328: completed; moves=3360; completed=345/882
358/882 crss:K12n330: completed; moves=3360; completed=346/882
359/882 crss:K12n333: completed; moves=3360; completed=347/882
360/882 crss:K12n335: completed; moves=3360; completed=348/882
361/882 crss:K12n340: completed; moves=3360; completed=349/882
362/882 crss:K12n343: completed; moves=3360; completed=350/882
363/882 crss:K12n344: completed; moves=3360; completed=351/882
364/882 crss:K12n345: completed; moves=3360; completed=352/882
365/882 crss:K12n356: completed; moves=3360; completed=353/882
366/882 crss:K12n358: completed; moves=3360; completed=354/882
367/882 crss:K12n360: completed; moves=3360; completed=355/882
368/882 crss:K12n362: completed; moves=3360; completed=356/882
369/882 crss:K12n370: completed; moves=3360; completed=357/882
370/882 crss:K12n371: completed; moves=3360; completed=358/882
371/882 crss:K12n377: completed; moves=3360; completed=359/882
372/882 crss:K12n385: completed; moves=3360; completed=360/882
373/882 crss:K12n395: completed; moves=3360; completed=361/882
374/882 crss:K12n403: completed; moves=3360; completed=362/882
375/882 crss:K12n407: completed; moves=3360; completed=363/882
376/882 crss:K12n41: completed; moves=3360; completed=364/882
377/882 crss:K12n412: completed; moves=3360; completed=365/882
378/882 crss:K12n413: completed; moves=3360; completed=366/882
379/882 crss:K12n414: completed; moves=3360; completed=367/882
380/882 crss:K12n424: completed; moves=3360; completed=368/882
381/882 crss:K12n425: completed; moves=3360; completed=369/882
382/882 crss:K12n426: completed; moves=3360; completed=370/882
383/882 crss:K12n438: completed; moves=3360; completed=371/882
384/882 crss:K12n439: completed; moves=3360; completed=372/882
385/882 crss:K12n443: completed; moves=3360; completed=373/882
386/882 crss:K12n451: completed; moves=3360; completed=374/882
387/882 crss:K12n452: completed; moves=3360; completed=375/882
388/882 crss:K12n462: completed; moves=3360; completed=376/882
389/882 crss:K12n468: completed; moves=3360; completed=377/882
390/882 crss:K12n471: completed; moves=3360; completed=378/882
391/882 crss:K12n474: completed; moves=3360; completed=379/882
392/882 crss:K12n475: completed; moves=3360; completed=380/882
393/882 crss:K12n477: completed; moves=3360; completed=381/882
394/882 crss:K12n478: completed; moves=3360; completed=382/882
395/882 crss:K12n481: completed; moves=3360; completed=383/882
396/882 crss:K12n484: completed; moves=3360; completed=384/882
397/882 crss:K12n485: completed; moves=3360; completed=385/882
398/882 crss:K12n486: completed; moves=3360; completed=386/882
399/882 crss:K12n488: completed; moves=3360; completed=387/882
400/882 crss:K12n492: completed; moves=3360; completed=388/882
401/882 crss:K12n534: completed; moves=3360; completed=389/882
402/882 crss:K12n548: completed; moves=3360; completed=390/882
403/882 crss:K12n562: completed; moves=3360; completed=391/882
404/882 crss:K12n563: completed; moves=3360; completed=392/882
405/882 crss:K12n571: completed; moves=3360; completed=393/882
406/882 crss:K12n573: completed; moves=3360; completed=394/882
407/882 crss:K12n582: completed; moves=3360; completed=395/882
408/882 crss:K12n583: completed; moves=3360; completed=396/882
409/882 crss:K12n586: completed; moves=3360; completed=397/882
410/882 crss:K12n591: completed; moves=3360; completed=398/882
411/882 crss:K12n599: completed; moves=3360; completed=399/882
412/882 crss:K12n600: completed; moves=3360; completed=400/882
413/882 crss:K12n603: completed; moves=3360; completed=401/882
414/882 crss:K12n609: completed; moves=3360; completed=402/882
415/882 crss:K12n645: completed; moves=3360; completed=403/882
416/882 crss:K12n646: completed; moves=3360; completed=404/882
417/882 crss:K12n657: completed; moves=3360; completed=405/882
418/882 crss:K12n659: completed; moves=3360; completed=406/882
419/882 crss:K12n661: completed; moves=3360; completed=407/882
420/882 crss:K12n662: completed; moves=3360; completed=408/882
421/882 crss:K12n695: completed; moves=3360; completed=409/882
422/882 crss:K12n702: completed; moves=3360; completed=410/882
423/882 crss:K12n703: completed; moves=3360; completed=411/882
424/882 crss:K12n704: completed; moves=3360; completed=412/882
425/882 crss:K12n708: completed; moves=3360; completed=413/882
426/882 crss:K12n709: completed; moves=3360; completed=414/882
427/882 crss:K12n711: completed; moves=3360; completed=415/882
428/882 crss:K12n714: completed; moves=3360; completed=416/882
429/882 crss:K12n716: completed; moves=3360; completed=417/882
430/882 crss:K12n725: completed; moves=3360; completed=418/882
431/882 crss:K12n730: completed; moves=3360; completed=419/882
432/882 crss:K12n747: completed; moves=3360; completed=420/882
433/882 crss:K12n748: completed; moves=3360; completed=421/882
434/882 crss:K12n749: completed; moves=3360; completed=422/882
435/882 crss:K12n751: completed; moves=3360; completed=423/882
436/882 crss:K12n754: completed; moves=3360; completed=424/882
437/882 crss:K12n767: completed; moves=3360; completed=425/882
438/882 crss:K12n772: completed; moves=3360; completed=426/882
439/882 crss:K12n778: completed; moves=3360; completed=427/882
440/882 crss:K12n782: completed; moves=3360; completed=428/882
441/882 crss:K12n787: completed; moves=3360; completed=429/882
442/882 crss:K12n790: completed; moves=3360; completed=430/882
443/882 crss:K12n792: completed; moves=3360; completed=431/882
444/882 crss:K12n798: completed; moves=3360; completed=432/882
445/882 crss:K12n802: completed; moves=3360; completed=433/882
446/882 crss:K12n807: completed; moves=3360; completed=434/882
447/882 crss:K12n809: completed; moves=3360; completed=435/882
448/882 crss:K12n811: completed; moves=3360; completed=436/882
449/882 crss:K12n819: completed; moves=3360; completed=437/882
450/882 crss:K12n821: completed; moves=3360; completed=438/882
451/882 crss:K12n829: completed; moves=3360; completed=439/882
452/882 crss:K12n831: completed; moves=3360; completed=440/882
453/882 crss:K12n852: completed; moves=3360; completed=441/882
454/882 crss:K12n865: completed; moves=3360; completed=442/882
455/882 crss:K12n866: completed; moves=3360; completed=443/882
456/882 crss:K13n1153: completed; moves=3360; completed=444/882
457/882 crss:K13n1192: completed; moves=3360; completed=445/882
458/882 crss:K13n1455: completed; moves=3360; completed=446/882
459/882 crss:K13n1642: completed; moves=3360; completed=447/882
460/882 crss:K13n1644: completed; moves=3360; completed=448/882
461/882 crss:K13n1692: completed; moves=3360; completed=449/882
462/882 crss:K13n1708: completed; moves=3360; completed=450/882
463/882 crss:K13n1716: completed; moves=3360; completed=451/882
464/882 crss:K13n1718: completed; moves=3360; completed=452/882
465/882 crss:K13n1719: completed; moves=3360; completed=453/882
466/882 crss:K13n1727: completed; moves=3360; completed=454/882
467/882 crss:K13n1733: completed; moves=3360; completed=455/882
468/882 crss:K13n1734: completed; moves=3360; completed=456/882
469/882 crss:K13n1735: completed; moves=3360; completed=457/882
470/882 crss:K13n1739: completed; moves=3360; completed=458/882
471/882 crss:K13n1752: completed; moves=3360; completed=459/882
472/882 crss:K13n1836: completed; moves=3360; completed=460/882
473/882 crss:K13n1840: completed; moves=3360; completed=461/882
474/882 crss:K13n1841: completed; moves=3360; completed=462/882
475/882 crss:K13n1844: completed; moves=3360; completed=463/882
476/882 crss:K13n1847: completed; moves=3360; completed=464/882
477/882 crss:K13n1855: completed; moves=3360; completed=465/882
478/882 crss:K13n1856: completed; moves=3360; completed=466/882
479/882 crss:K13n1861: completed; moves=3360; completed=467/882
480/882 crss:K13n1916: completed; moves=3360; completed=468/882
481/882 crss:K13n1945: completed; moves=3360; completed=469/882
482/882 crss:K13n2035: completed; moves=3360; completed=470/882
483/882 crss:K13n2046: completed; moves=3360; completed=471/882
484/882 crss:K13n2053: completed; moves=3360; completed=472/882
485/882 crss:K13n2154: completed; moves=3360; completed=473/882
486/882 crss:K13n225: completed; moves=3360; completed=474/882
487/882 crss:K13n2290: completed; moves=3360; completed=475/882
488/882 crss:K13n2293: completed; moves=3360; completed=476/882
489/882 crss:K13n230: completed; moves=3360; completed=477/882
490/882 crss:K13n2303: completed; moves=3360; completed=478/882
491/882 crss:K13n2306: completed; moves=3360; completed=479/882
492/882 crss:K13n2436: completed; moves=3360; completed=480/882
493/882 crss:K13n2442: completed; moves=3360; completed=481/882
494/882 crss:K13n2448: completed; moves=3360; completed=482/882
495/882 crss:K13n2491: completed; moves=3360; completed=483/882
496/882 crss:K13n2492: completed; moves=3360; completed=484/882
497/882 crss:K13n2498: completed; moves=3360; completed=485/882
498/882 crss:K13n2501: completed; moves=3360; completed=486/882
499/882 crss:K13n2527: completed; moves=3360; completed=487/882
500/882 crss:K13n2588: completed; moves=3360; completed=488/882
501/882 crss:K13n2661: completed; moves=3360; completed=489/882
502/882 crss:K13n2769: completed; moves=3360; completed=490/882
503/882 crss:K13n2787: completed; moves=3360; completed=491/882
504/882 crss:K13n285: completed; moves=3360; completed=492/882
505/882 crss:K13n2868: completed; moves=3360; completed=493/882
506/882 crss:K13n2872: completed; moves=3360; completed=494/882
507/882 crss:K13n288: completed; moves=3360; completed=495/882
508/882 crss:K13n2922: completed; moves=3360; completed=496/882
509/882 crss:K13n3023: completed; moves=3360; completed=497/882
510/882 crss:K13n3040: completed; moves=3360; completed=498/882
511/882 crss:K13n307: completed; moves=3360; completed=499/882
512/882 crss:K13n3082: completed; moves=3360; completed=500/882
513/882 crss:K13n3094: completed; moves=3360; completed=501/882
514/882 crss:K13n3158: completed; moves=3360; completed=502/882
515/882 crss:K13n3164: completed; moves=3360; completed=503/882
516/882 crss:K13n3207: completed; moves=3360; completed=504/882
517/882 crss:K13n3241: completed; moves=3360; completed=505/882
518/882 crss:K13n3252: completed; moves=3360; completed=506/882
519/882 crss:K13n3258: completed; moves=3360; completed=507/882
520/882 crss:K13n3259: completed; moves=3360; completed=508/882
521/882 crss:K13n3303: completed; moves=3360; completed=509/882
522/882 crss:K13n3382: completed; moves=3360; completed=510/882
523/882 crss:K13n3385: completed; moves=3360; completed=511/882
524/882 crss:K13n3392: completed; moves=3360; completed=512/882
525/882 crss:K13n3393: completed; moves=3360; completed=513/882
526/882 crss:K13n3582: completed; moves=3360; completed=514/882
527/882 crss:K13n3587: completed; moves=3360; completed=515/882
528/882 crss:K13n3611: completed; moves=3360; completed=516/882
529/882 crss:K13n3954: completed; moves=3360; completed=517/882
530/882 crss:K13n3956: completed; moves=3360; completed=518/882
531/882 crss:K13n3958: completed; moves=3360; completed=519/882
532/882 crss:K13n3959: completed; moves=3360; completed=520/882
533/882 crss:K13n3969: completed; moves=3360; completed=521/882
534/882 crss:K13n3978: completed; moves=3360; completed=522/882
535/882 crss:K13n3998: completed; moves=3360; completed=523/882
536/882 crss:K13n4000: completed; moves=3360; completed=524/882
537/882 crss:K13n4024: completed; moves=3360; completed=525/882
538/882 crss:K13n4035: completed; moves=3360; completed=526/882
539/882 crss:K13n4036: completed; moves=3360; completed=527/882
540/882 crss:K13n4061: completed; moves=3360; completed=528/882
541/882 crss:K13n4063: completed; moves=3360; completed=529/882
542/882 crss:K13n4075: completed; moves=3360; completed=530/882
543/882 crss:K13n4104: completed; moves=3360; completed=531/882
544/882 crss:K13n4136: completed; moves=3360; completed=532/882
545/882 crss:K13n4140: completed; moves=3360; completed=533/882
546/882 crss:K13n4142: completed; moves=3360; completed=534/882
547/882 crss:K13n4281: completed; moves=3360; completed=535/882
548/882 crss:K13n4304: completed; moves=3360; completed=536/882
549/882 crss:K13n4634: completed; moves=3360; completed=537/882
550/882 crss:K13n469: completed; moves=3360; completed=538/882
551/882 crss:K13n4865: completed; moves=3360; completed=539/882
552/882 crss:K13n4956: completed; moves=3360; completed=540/882
553/882 crss:K13n5018: completed; moves=3360; completed=541/882
554/882 crss:K13n584: completed; moves=3360; completed=542/882
555/882 crss:K13n586: completed; moves=3360; completed=543/882
556/882 crss:K13n592: completed; moves=3360; completed=544/882
557/882 crss:K13n593: completed; moves=3360; completed=545/882
558/882 crss:K13n602: completed; moves=3360; completed=546/882
559/882 crss:K13n603: completed; moves=3360; completed=547/882
560/882 crss:K13n604: completed; moves=3360; completed=548/882
561/882 crss:K13n607: completed; moves=3360; completed=549/882
562/882 crss:K13n608: completed; moves=3360; completed=550/882
563/882 crss:K13n726: completed; moves=3360; completed=551/882
564/882 eddy:10_100: completed; moves=3360; completed=552/882
565/882 eddy:10_102: completed; moves=3360; completed=553/882
566/882 eddy:10_103: completed; moves=3360; completed=554/882
567/882 eddy:10_104: completed; moves=3360; completed=555/882
568/882 eddy:10_105: completed; moves=3360; completed=556/882
569/882 eddy:10_106: completed; moves=3360; completed=557/882
570/882 eddy:10_107: completed; moves=3360; completed=558/882
571/882 eddy:10_108: completed; moves=3360; completed=559/882
572/882 eddy:10_109: completed; moves=3360; completed=560/882
573/882 eddy:10_110: completed; moves=3360; completed=561/882
574/882 eddy:10_111: completed; moves=3360; completed=562/882
575/882 eddy:10_112: completed; moves=3360; completed=563/882
576/882 eddy:10_113: completed; moves=3360; completed=564/882
577/882 eddy:10_114: completed; moves=3360; completed=565/882
578/882 eddy:10_115: completed; moves=3360; completed=566/882
579/882 eddy:10_116: completed; moves=3360; completed=567/882
580/882 eddy:10_117: completed; moves=3360; completed=568/882
581/882 eddy:10_118: completed; moves=3360; completed=569/882
582/882 eddy:10_119: completed; moves=3360; completed=570/882
583/882 eddy:10_120: completed; moves=3360; completed=571/882
584/882 eddy:10_121: completed; moves=3360; completed=572/882
585/882 eddy:10_122: completed; moves=3360; completed=573/882
586/882 eddy:10_124: completed; moves=3360; completed=574/882
587/882 eddy:10_125: completed; moves=3360; completed=575/882
588/882 eddy:10_126: completed; moves=3360; completed=576/882
589/882 eddy:10_127: completed; moves=3360; completed=577/882
590/882 eddy:10_128: completed; moves=3360; completed=578/882
591/882 eddy:10_129: completed; moves=3360; completed=579/882
592/882 eddy:10_130: completed; moves=3360; completed=580/882
593/882 eddy:10_131: completed; moves=3360; completed=581/882
594/882 eddy:10_132: completed; moves=3360; completed=582/882
595/882 eddy:10_133: completed; moves=3360; completed=583/882
596/882 eddy:10_134: completed; moves=3360; completed=584/882
597/882 eddy:10_135: completed; moves=3360; completed=585/882
598/882 eddy:10_136: completed; moves=3360; completed=586/882
599/882 eddy:10_137: completed; moves=3360; completed=587/882
600/882 eddy:10_138: completed; moves=3360; completed=588/882
601/882 eddy:10_139: completed; moves=3360; completed=589/882
602/882 eddy:10_140: completed; moves=3360; completed=590/882
603/882 eddy:10_141: completed; moves=3360; completed=591/882
604/882 eddy:10_142: completed; moves=3360; completed=592/882
605/882 eddy:10_143: completed; moves=3360; completed=593/882
606/882 eddy:10_144: completed; moves=3360; completed=594/882
607/882 eddy:10_145: completed; moves=3360; completed=595/882
608/882 eddy:10_146: completed; moves=3360; completed=596/882
609/882 eddy:10_147: completed; moves=3360; completed=597/882
610/882 eddy:10_148: completed; moves=3360; completed=598/882
611/882 eddy:10_149: completed; moves=3360; completed=599/882
612/882 eddy:10_150: completed; moves=3360; completed=600/882
613/882 eddy:10_151: completed; moves=3360; completed=601/882
614/882 eddy:10_152: completed; moves=3360; completed=602/882
615/882 eddy:10_153: completed; moves=3360; completed=603/882
616/882 eddy:10_155: completed; moves=3360; completed=604/882
617/882 eddy:10_156: completed; moves=3360; completed=605/882
618/882 eddy:10_157: completed; moves=3360; completed=606/882
619/882 eddy:10_158: completed; moves=3360; completed=607/882
620/882 eddy:10_159: completed; moves=3360; completed=608/882
621/882 eddy:10_16: completed; moves=3360; completed=609/882
622/882 eddy:10_160: completed; moves=3360; completed=610/882
623/882 eddy:10_161: completed; moves=3360; completed=611/882
624/882 eddy:10_162: completed; moves=3360; completed=612/882
625/882 eddy:10_163: completed; moves=3360; completed=613/882
626/882 eddy:10_164: completed; moves=3360; completed=614/882
627/882 eddy:10_165: completed; moves=3360; completed=615/882
628/882 eddy:10_17: completed; moves=3360; completed=616/882
629/882 eddy:10_18: completed; moves=3360; completed=617/882
630/882 eddy:10_48: completed; moves=3360; completed=618/882
631/882 eddy:10_56: completed; moves=3360; completed=619/882
632/882 eddy:10_68: completed; moves=3360; completed=620/882
633/882 eddy:10_8: completed; moves=3360; completed=621/882
634/882 eddy:10_82: completed; moves=3360; completed=622/882
635/882 eddy:10_83: completed; moves=3360; completed=623/882
636/882 eddy:10_84: completed; moves=3360; completed=624/882
637/882 eddy:10_85: completed; moves=3360; completed=625/882
638/882 eddy:10_90: completed; moves=3360; completed=626/882
639/882 eddy:10_91: completed; moves=3360; completed=627/882
640/882 eddy:10_93: completed; moves=3360; completed=628/882
641/882 eddy:10_94: completed; moves=3360; completed=629/882
642/882 eddy:8_1: completed; moves=3360; completed=630/882
643/882 eddy:8_10: completed; moves=3360; completed=631/882
644/882 eddy:8_11: completed; moves=3360; completed=632/882
645/882 eddy:8_12: completed; moves=3360; completed=633/882
646/882 eddy:8_13: completed; moves=3360; completed=634/882
647/882 eddy:8_14: completed; moves=3360; completed=635/882
648/882 eddy:8_15: completed; moves=3360; completed=636/882
649/882 eddy:8_2: completed; moves=3360; completed=637/882
650/882 eddy:8_3: completed; moves=3360; completed=638/882
651/882 eddy:8_4: completed; moves=3360; completed=639/882
652/882 eddy:8_5: completed; moves=3360; completed=640/882
653/882 eddy:8_6: completed; moves=3360; completed=641/882
654/882 eddy:8_7: completed; moves=3360; completed=642/882
655/882 eddy:8_8: completed; moves=3360; completed=643/882
656/882 eddy:8_9: completed; moves=3360; completed=644/882
657/882 eddy:9_1: completed; moves=3360; completed=645/882
658/882 eddy:9_10: completed; moves=3360; completed=646/882
659/882 eddy:9_11: completed; moves=3360; completed=647/882
660/882 eddy:9_12: completed; moves=3360; completed=648/882
661/882 eddy:9_13: completed; moves=3360; completed=649/882
662/882 eddy:9_14: completed; moves=3360; completed=650/882
663/882 eddy:9_15: completed; moves=3360; completed=651/882
664/882 eddy:9_16: completed; moves=3360; completed=652/882
665/882 eddy:9_17: completed; moves=3360; completed=653/882
666/882 eddy:9_18: completed; moves=3360; completed=654/882
667/882 eddy:9_19: completed; moves=3360; completed=655/882
668/882 eddy:9_2: completed; moves=3360; completed=656/882
669/882 eddy:9_20: completed; moves=3360; completed=657/882
670/882 eddy:9_21: completed; moves=3360; completed=658/882
671/882 eddy:9_22: completed; moves=3360; completed=659/882
672/882 eddy:9_24: completed; moves=3360; completed=660/882
673/882 eddy:9_25: completed; moves=3360; completed=661/882
674/882 eddy:9_26: completed; moves=3360; completed=662/882
675/882 eddy:9_27: completed; moves=3360; completed=663/882
676/882 eddy:9_28: completed; moves=3360; completed=664/882
677/882 eddy:9_29: completed; moves=3360; completed=665/882
678/882 eddy:9_3: completed; moves=3360; completed=666/882
679/882 eddy:9_30: completed; moves=3360; completed=667/882
680/882 eddy:9_31: completed; moves=3360; completed=668/882
681/882 eddy:9_32: completed; moves=3360; completed=669/882
682/882 eddy:9_33: completed; moves=3360; completed=670/882
683/882 eddy:9_37: completed; moves=3360; completed=671/882
684/882 eddy:9_38: completed; moves=3360; completed=672/882
685/882 eddy:9_4: completed; moves=3360; completed=673/882
686/882 eddy:9_5: completed; moves=3360; completed=674/882
687/882 eddy:9_7: completed; moves=3360; completed=675/882
688/882 eddy:9_8: completed; moves=3360; completed=676/882
689/882 eddy:9_9: completed; moves=3360; completed=677/882
690/882 eddy:K11a269: completed; moves=3360; completed=678/882
691/882 eddy:K11a284: completed; moves=3360; completed=679/882
692/882 eddy:K11a287: completed; moves=3360; completed=680/882
693/882 eddy:K11a301: completed; moves=3360; completed=681/882
694/882 eddy:K11a326: completed; moves=3360; completed=682/882
695/882 eddy:K11n100: completed; moves=3360; completed=683/882
696/882 eddy:K11n101: completed; moves=3360; completed=684/882
697/882 eddy:K11n102: completed; moves=3360; completed=685/882
698/882 eddy:K11n104: completed; moves=3360; completed=686/882
699/882 eddy:K11n106: completed; moves=3360; completed=687/882
700/882 eddy:K11n107: completed; moves=3360; completed=688/882
701/882 eddy:K11n110: completed; moves=3360; completed=689/882
702/882 eddy:K11n111: completed; moves=3360; completed=690/882
703/882 eddy:K11n112: completed; moves=3360; completed=691/882
704/882 eddy:K11n113: completed; moves=3360; completed=692/882
705/882 eddy:K11n114: completed; moves=3360; completed=693/882
706/882 eddy:K11n116: completed; moves=3360; completed=694/882
707/882 eddy:K11n117: completed; moves=3360; completed=695/882
708/882 eddy:K11n118: completed; moves=3360; completed=696/882
709/882 eddy:K11n12: completed; moves=3360; completed=697/882
710/882 eddy:K11n120: completed; moves=3360; completed=698/882
711/882 eddy:K11n121: completed; moves=3360; completed=699/882
712/882 eddy:K11n122: completed; moves=3360; completed=700/882
713/882 eddy:K11n123: completed; moves=3360; completed=701/882
714/882 eddy:K11n124: completed; moves=3360; completed=702/882
715/882 eddy:K11n125: completed; moves=3360; completed=703/882
716/882 eddy:K11n128: completed; moves=3360; completed=704/882
717/882 eddy:K11n130: completed; moves=3360; completed=705/882
718/882 eddy:K11n131: completed; moves=3360; completed=706/882
719/882 eddy:K11n132: completed; moves=3360; completed=707/882
720/882 eddy:K11n133: completed; moves=3360; completed=708/882
721/882 eddy:K11n134: completed; moves=3360; completed=709/882
722/882 eddy:K11n135: completed; moves=3360; completed=710/882
723/882 eddy:K11n138: completed; moves=3360; completed=711/882
724/882 eddy:K11n139: completed; moves=3360; completed=712/882
725/882 eddy:K11n140: completed; moves=3360; completed=713/882
726/882 eddy:K11n141: completed; moves=3360; completed=714/882
727/882 eddy:K11n143: completed; moves=3360; completed=715/882
728/882 eddy:K11n145: completed; moves=3360; completed=716/882
729/882 eddy:K11n146: completed; moves=3360; completed=717/882
730/882 eddy:K11n147: completed; moves=3360; completed=718/882
731/882 eddy:K11n149: completed; moves=3360; completed=719/882
732/882 eddy:K11n152: completed; moves=3360; completed=720/882
733/882 eddy:K11n153: completed; moves=3360; completed=721/882
734/882 eddy:K11n154: completed; moves=3360; completed=722/882
735/882 eddy:K11n156: completed; moves=3360; completed=723/882
736/882 eddy:K11n157: completed; moves=3360; completed=724/882
737/882 eddy:K11n158: completed; moves=3360; completed=725/882
738/882 eddy:K11n159: completed; moves=3360; completed=726/882
739/882 eddy:K11n160: completed; moves=3360; completed=727/882
740/882 eddy:K11n161: completed; moves=3360; completed=728/882
741/882 eddy:K11n164: completed; moves=3360; completed=729/882
742/882 eddy:K11n165: completed; moves=3360; completed=730/882
743/882 eddy:K11n166: completed; moves=3360; completed=731/882
744/882 eddy:K11n169: completed; moves=3360; completed=732/882
745/882 eddy:K11n170: completed; moves=3360; completed=733/882
746/882 eddy:K11n171: completed; moves=3360; completed=734/882
747/882 eddy:K11n172: completed; moves=3360; completed=735/882
748/882 eddy:K11n173: completed; moves=3360; completed=736/882
749/882 eddy:K11n174: completed; moves=3360; completed=737/882
750/882 eddy:K11n176: completed; moves=3360; completed=738/882
751/882 eddy:K11n177: completed; moves=3360; completed=739/882
752/882 eddy:K11n178: completed; moves=3360; completed=740/882
753/882 eddy:K11n181: completed; moves=3360; completed=741/882
754/882 eddy:K11n184: completed; moves=3360; completed=742/882
755/882 eddy:K11n19: completed; moves=3360; completed=743/882
756/882 eddy:K11n20: completed; moves=3360; completed=744/882
757/882 eddy:K11n22: completed; moves=3360; completed=745/882
758/882 eddy:K11n24: completed; moves=3360; completed=746/882
759/882 eddy:K11n25: completed; moves=3360; completed=747/882
760/882 eddy:K11n26: completed; moves=3360; completed=748/882
761/882 eddy:K11n28: completed; moves=3360; completed=749/882
762/882 eddy:K11n33: completed; moves=3360; completed=750/882
763/882 eddy:K11n37: completed; moves=3360; completed=751/882
764/882 eddy:K11n38: completed; moves=3360; completed=752/882
765/882 eddy:K11n39: completed; moves=3360; completed=753/882
766/882 eddy:K11n4: completed; moves=3360; completed=754/882
767/882 eddy:K11n41: completed; moves=3360; completed=755/882
768/882 eddy:K11n43: completed; moves=3360; completed=756/882
769/882 eddy:K11n44: completed; moves=3360; completed=757/882
770/882 eddy:K11n48: completed; moves=3360; completed=758/882
771/882 eddy:K11n49: completed; moves=3360; completed=759/882
772/882 eddy:K11n50: completed; moves=3360; completed=760/882
773/882 eddy:K11n51: completed; moves=3360; completed=761/882
774/882 eddy:K11n53: completed; moves=3360; completed=762/882
775/882 eddy:K11n54: completed; moves=3360; completed=763/882
776/882 eddy:K11n56: completed; moves=3360; completed=764/882
777/882 eddy:K11n57: completed; moves=3360; completed=765/882
778/882 eddy:K11n58: completed; moves=3360; completed=766/882
779/882 eddy:K11n60: completed; moves=3360; completed=767/882
780/882 eddy:K11n61: completed; moves=3360; completed=768/882
781/882 eddy:K11n62: completed; moves=3360; completed=769/882
782/882 eddy:K11n65: completed; moves=3360; completed=770/882
783/882 eddy:K11n70: completed; moves=3360; completed=771/882
784/882 eddy:K11n79: completed; moves=3360; completed=772/882
785/882 eddy:K11n82: completed; moves=3360; completed=773/882
786/882 eddy:K11n83: completed; moves=3360; completed=774/882
787/882 eddy:K11n84: completed; moves=3360; completed=775/882
788/882 eddy:K11n85: completed; moves=3360; completed=776/882
789/882 eddy:K11n86: completed; moves=3360; completed=777/882
790/882 eddy:K11n87: completed; moves=3360; completed=778/882
791/882 eddy:K11n88: completed; moves=3360; completed=779/882
792/882 eddy:K11n90: completed; moves=3360; completed=780/882
793/882 eddy:K11n91: completed; moves=3360; completed=781/882
794/882 eddy:K11n92: completed; moves=3360; completed=782/882
795/882 eddy:K11n94: completed; moves=3360; completed=783/882
796/882 eddy:K11n95: completed; moves=3360; completed=784/882
797/882 eddy:K11n96: completed; moves=3360; completed=785/882
798/882 eddy:K11n98: completed; moves=3360; completed=786/882
799/882 eddy:K11n99: completed; moves=3360; completed=787/882
800/882 eddy:K12n121: completed; moves=3360; completed=788/882
801/882 eddy:K12n188: completed; moves=3360; completed=789/882
802/882 eddy:K12n24: completed; moves=3360; completed=790/882
803/882 eddy:K12n242: completed; moves=3360; completed=791/882
804/882 eddy:K12n253: completed; moves=3360; completed=792/882
805/882 eddy:K12n274: completed; moves=3360; completed=793/882
806/882 eddy:K12n275: completed; moves=3360; completed=794/882
807/882 eddy:K12n309: completed; moves=3360; completed=795/882
808/882 eddy:K12n318: completed; moves=3360; completed=796/882
809/882 eddy:K12n319: completed; moves=3360; completed=797/882
810/882 eddy:K12n323: completed; moves=3360; completed=798/882
811/882 eddy:K12n333: completed; moves=3360; completed=799/882
812/882 eddy:K12n343: completed; moves=3360; completed=800/882
813/882 eddy:K12n358: completed; moves=3360; completed=801/882
814/882 eddy:K12n371: completed; moves=3360; completed=802/882
815/882 eddy:K12n407: completed; moves=3360; completed=803/882
816/882 eddy:K12n412: completed; moves=3360; completed=804/882
817/882 eddy:K12n425: completed; moves=3360; completed=805/882
818/882 eddy:K12n438: completed; moves=3360; completed=806/882
819/882 eddy:K12n443: completed; moves=3360; completed=807/882
820/882 eddy:K12n451: completed; moves=3360; completed=808/882
821/882 eddy:K12n468: completed; moves=3360; completed=809/882
822/882 eddy:K12n475: completed; moves=3360; completed=810/882
823/882 eddy:K12n484: completed; moves=3360; completed=811/882
824/882 eddy:K12n485: completed; moves=3360; completed=812/882
825/882 eddy:K12n488: completed; moves=3360; completed=813/882
826/882 eddy:K12n534: completed; moves=3360; completed=814/882
827/882 eddy:K12n548: completed; moves=3360; completed=815/882
828/882 eddy:K12n562: completed; moves=3360; completed=816/882
829/882 eddy:K12n591: completed; moves=3360; completed=817/882
830/882 eddy:K12n599: completed; moves=3360; completed=818/882
831/882 eddy:K12n603: completed; moves=3360; completed=819/882
832/882 eddy:K12n609: completed; moves=3360; completed=820/882
833/882 eddy:K12n646: completed; moves=3360; completed=821/882
834/882 eddy:K12n661: completed; moves=3360; completed=822/882
835/882 eddy:K12n662: completed; moves=3360; completed=823/882
836/882 eddy:K12n695: completed; moves=3360; completed=824/882
837/882 eddy:K12n702: completed; moves=3360; completed=825/882
838/882 eddy:K12n703: completed; moves=3360; completed=826/882
839/882 eddy:K12n704: completed; moves=3360; completed=827/882
840/882 eddy:K12n708: completed; moves=3360; completed=828/882
841/882 eddy:K12n709: completed; moves=3360; completed=829/882
842/882 eddy:K12n730: completed; moves=3360; completed=830/882
843/882 eddy:K12n751: completed; moves=3360; completed=831/882
844/882 eddy:K12n778: completed; moves=3360; completed=832/882
845/882 eddy:K12n782: completed; moves=3360; completed=833/882
846/882 eddy:K12n787: completed; moves=3360; completed=834/882
847/882 eddy:K12n821: completed; moves=3360; completed=835/882
848/882 eddy:K12n829: completed; moves=3360; completed=836/882
849/882 eddy:K12n865: completed; moves=3360; completed=837/882
850/882 eddy:K12n866: completed; moves=3360; completed=838/882
851/882 eddy:K13n1455: completed; moves=3360; completed=839/882
852/882 eddy:K13n1642: completed; moves=3360; completed=840/882
853/882 eddy:K13n1644: completed; moves=3360; completed=841/882
854/882 eddy:K13n1739: completed; moves=3360; completed=842/882
855/882 eddy:K13n1752: completed; moves=3360; completed=843/882
856/882 eddy:K13n1836: completed; moves=3360; completed=844/882
857/882 eddy:K13n1840: completed; moves=3360; completed=845/882
858/882 eddy:K13n1841: completed; moves=3360; completed=846/882
859/882 eddy:K13n1844: completed; moves=3360; completed=847/882
860/882 eddy:K13n1847: completed; moves=3360; completed=848/882
861/882 eddy:K13n1855: completed; moves=3360; completed=849/882
862/882 eddy:K13n1945: completed; moves=3360; completed=850/882
863/882 eddy:K13n2035: completed; moves=3360; completed=851/882
864/882 eddy:K13n2303: completed; moves=3360; completed=852/882
865/882 eddy:K13n2436: completed; moves=3360; completed=853/882
866/882 eddy:K13n2448: completed; moves=3360; completed=854/882
867/882 eddy:K13n2491: completed; moves=3360; completed=855/882
868/882 eddy:K13n2492: completed; moves=3360; completed=856/882
869/882 eddy:K13n2527: completed; moves=3360; completed=857/882
870/882 eddy:K13n2868: completed; moves=3360; completed=858/882
871/882 eddy:K13n2872: completed; moves=3360; completed=859/882
872/882 eddy:K13n2922: completed; moves=3360; completed=860/882
873/882 eddy:K13n3207: completed; moves=3360; completed=861/882
874/882 eddy:K13n3241: completed; moves=3360; completed=862/882
875/882 eddy:K13n3393: completed; moves=3360; completed=863/882
876/882 eddy:K13n3582: completed; moves=3360; completed=864/882
877/882 eddy:K13n3958: completed; moves=3360; completed=865/882
878/882 eddy:K13n3978: completed; moves=3360; completed=866/882
879/882 eddy:K13n4024: completed; moves=3360; completed=867/882
880/882 eddy:K13n4075: completed; moves=3360; completed=868/882
881/882 eddy:K13n469: completed; moves=3360; completed=869/882
882/882 eddy:K13n592: completed; moves=3360; completed=870/882
completed=870/882 skipped_completed=30
